// Jest Snapshot v1, https://goo.gl/fbAQLP

exports[`Header should render Header correctly 1`] = `
<header>
  <NavLink
    activeClassName="is-active"
    className="nav-link"
    exact={true}
    to="/"
  >
    Home
  </NavLink>
  <NavLink
    activeClassName="is-active"
    className="nav-link"
    to="/notes"
  >
    Notes
  </NavLink>
  <NavLink
    activeClassName="is-active"
    className="nav-link"
    to="/about"
  >
    Organizing your studies
  </NavLink>
</header>
`;

exports[`should render Header correctly 1`] = `ShallowWrapper {}`;

exports[`should render header correctly 1`] = `
<header>
  <NavLink
    activeClassName="is-active"
    className="nav-link"
    exact={true}
    to="/"
  >
    Home
  </NavLink>
  <NavLink
    activeClassName="is-active"
    className="nav-link"
    to="/notes"
  >
    Notes
  </NavLink>
  <NavLink
    activeClassName="is-active"
    className="nav-link"
    to="/about"
  >
    Organizing your studies
  </NavLink>
</header>
`;
