// Jest Snapshot v1, https://goo.gl/fbAQLP

exports[`NotFoundPage should render NotFoundPage 1`] = `
<div>
  404!
</div>
`;
